Archive member included to satisfy reference by file (symbol)

d:/software/jetbrains/gcc-arm-none-eabi/bin/../lib/gcc/arm-none-eabi/10.3.1/../../../../arm-none-eabi/lib/thumb/v7-m/nofp\libg.a(lib_a-errno.o)
                              CMakeFiles/STM32F103_StudyCode1.elf.dir/Core/Src/syscalls.c.obj (__errno)
d:/software/jetbrains/gcc-arm-none-eabi/bin/../lib/gcc/arm-none-eabi/10.3.1/../../../../arm-none-eabi/lib/thumb/v7-m/nofp\libg.a(lib_a-exit.o)
                              d:/software/jetbrains/gcc-arm-none-eabi/bin/../lib/gcc/arm-none-eabi/10.3.1/../../../../arm-none-eabi/lib/thumb/v7-m/nofp/crt0.o (exit)
d:/software/jetbrains/gcc-arm-none-eabi/bin/../lib/gcc/arm-none-eabi/10.3.1/../../../../arm-none-eabi/lib/thumb/v7-m/nofp\libg.a(lib_a-impure.o)
                              d:/software/jetbrains/gcc-arm-none-eabi/bin/../lib/gcc/arm-none-eabi/10.3.1/../../../../arm-none-eabi/lib/thumb/v7-m/nofp\libg.a(lib_a-exit.o) (_global_impure_ptr)
d:/software/jetbrains/gcc-arm-none-eabi/bin/../lib/gcc/arm-none-eabi/10.3.1/../../../../arm-none-eabi/lib/thumb/v7-m/nofp\libg.a(lib_a-init.o)
                              d:/software/jetbrains/gcc-arm-none-eabi/bin/../lib/gcc/arm-none-eabi/10.3.1/../../../../arm-none-eabi/lib/thumb/v7-m/nofp/crt0.o (__libc_init_array)
d:/software/jetbrains/gcc-arm-none-eabi/bin/../lib/gcc/arm-none-eabi/10.3.1/../../../../arm-none-eabi/lib/thumb/v7-m/nofp\libg.a(lib_a-memset.o)
                              d:/software/jetbrains/gcc-arm-none-eabi/bin/../lib/gcc/arm-none-eabi/10.3.1/../../../../arm-none-eabi/lib/thumb/v7-m/nofp/crt0.o (memset)
d:/software/jetbrains/gcc-arm-none-eabi/bin/../lib/gcc/arm-none-eabi/10.3.1/../../../../arm-none-eabi/lib/thumb/v7-m/nofp\libg.a(lib_a-__call_atexit.o)
                              d:/software/jetbrains/gcc-arm-none-eabi/bin/../lib/gcc/arm-none-eabi/10.3.1/../../../../arm-none-eabi/lib/thumb/v7-m/nofp\libg.a(lib_a-exit.o) (__call_exitprocs)
d:/software/jetbrains/gcc-arm-none-eabi/bin/../lib/gcc/arm-none-eabi/10.3.1/../../../../arm-none-eabi/lib/thumb/v7-m/nofp\libg.a(lib_a-atexit.o)
                              d:/software/jetbrains/gcc-arm-none-eabi/bin/../lib/gcc/arm-none-eabi/10.3.1/../../../../arm-none-eabi/lib/thumb/v7-m/nofp\libg.a(lib_a-__call_atexit.o) (atexit)
d:/software/jetbrains/gcc-arm-none-eabi/bin/../lib/gcc/arm-none-eabi/10.3.1/../../../../arm-none-eabi/lib/thumb/v7-m/nofp\libg.a(lib_a-fini.o)
                              d:/software/jetbrains/gcc-arm-none-eabi/bin/../lib/gcc/arm-none-eabi/10.3.1/../../../../arm-none-eabi/lib/thumb/v7-m/nofp\libg.a(lib_a-__call_atexit.o) (__libc_fini_array)
d:/software/jetbrains/gcc-arm-none-eabi/bin/../lib/gcc/arm-none-eabi/10.3.1/../../../../arm-none-eabi/lib/thumb/v7-m/nofp\libg.a(lib_a-lock.o)
                              d:/software/jetbrains/gcc-arm-none-eabi/bin/../lib/gcc/arm-none-eabi/10.3.1/../../../../arm-none-eabi/lib/thumb/v7-m/nofp\libg.a(lib_a-__call_atexit.o) (__retarget_lock_acquire_recursive)
d:/software/jetbrains/gcc-arm-none-eabi/bin/../lib/gcc/arm-none-eabi/10.3.1/../../../../arm-none-eabi/lib/thumb/v7-m/nofp\libg.a(lib_a-__atexit.o)
                              d:/software/jetbrains/gcc-arm-none-eabi/bin/../lib/gcc/arm-none-eabi/10.3.1/../../../../arm-none-eabi/lib/thumb/v7-m/nofp\libg.a(lib_a-atexit.o) (__register_exitproc)

Discarded input sections

 .text          0x00000000        0x0 d:/software/jetbrains/gcc-arm-none-eabi/bin/../lib/gcc/arm-none-eabi/10.3.1/thumb/v7-m/nofp/crti.o
 .data          0x00000000        0x0 d:/software/jetbrains/gcc-arm-none-eabi/bin/../lib/gcc/arm-none-eabi/10.3.1/thumb/v7-m/nofp/crti.o
 .bss           0x00000000        0x0 d:/software/jetbrains/gcc-arm-none-eabi/bin/../lib/gcc/arm-none-eabi/10.3.1/thumb/v7-m/nofp/crti.o
 .data          0x00000000        0x4 d:/software/jetbrains/gcc-arm-none-eabi/bin/../lib/gcc/arm-none-eabi/10.3.1/thumb/v7-m/nofp/crtbegin.o
 .rodata        0x00000000       0x24 d:/software/jetbrains/gcc-arm-none-eabi/bin/../lib/gcc/arm-none-eabi/10.3.1/thumb/v7-m/nofp/crtbegin.o
 .text          0x00000000       0x7c d:/software/jetbrains/gcc-arm-none-eabi/bin/../lib/gcc/arm-none-eabi/10.3.1/../../../../arm-none-eabi/lib/thumb/v7-m/nofp/crt0.o
 .data          0x00000000        0x0 d:/software/jetbrains/gcc-arm-none-eabi/bin/../lib/gcc/arm-none-eabi/10.3.1/../../../../arm-none-eabi/lib/thumb/v7-m/nofp/crt0.o
 .bss           0x00000000        0x0 d:/software/jetbrains/gcc-arm-none-eabi/bin/../lib/gcc/arm-none-eabi/10.3.1/../../../../arm-none-eabi/lib/thumb/v7-m/nofp/crt0.o
 .ARM.extab     0x00000000        0x0 d:/software/jetbrains/gcc-arm-none-eabi/bin/../lib/gcc/arm-none-eabi/10.3.1/../../../../arm-none-eabi/lib/thumb/v7-m/nofp/crt0.o
 .ARM.exidx     0x00000000       0x10 d:/software/jetbrains/gcc-arm-none-eabi/bin/../lib/gcc/arm-none-eabi/10.3.1/../../../../arm-none-eabi/lib/thumb/v7-m/nofp/crt0.o
 .ARM.attributes
[...]
Memory Configuration

Name             Origin             Length             Attributes
RAM              0x20000000         0x00005000         xrw
FLASH            0x08000000         0x00010000         xr
*default*        0x00000000         0xffffffff

Linker script and memory map

LOAD d:/software/jetbrains/gcc-arm-none-eabi/bin/../lib/gcc/arm-none-eabi/10.3.1/thumb/v7-m/nofp/crti.o
LOAD d:/software/jetbrains/gcc-arm-none-eabi/bin/../lib/gcc/arm-none-eabi/10.3.1/thumb/v7-m/nofp/crtbegin.o
LOAD d:/software/jetbrains/gcc-arm-none-eabi/bin/../lib/gcc/arm-none-eabi/10.3.1/../../../../arm-none-eabi/lib/thumb/v7-m/nofp/crt0.o
LOAD CMakeFiles/STM32F103_StudyCode1.elf.dir/Core/Src/gpio.c.obj
LOAD CMakeFiles/STM32F103_StudyCode1.elf.dir/Core/Src/main.c.obj
LOAD CMakeFiles/STM32F103_StudyCode1.elf.dir/Core/Src/stm32f1xx_hal_msp.c.obj
LOAD CMakeFiles/STM32F103_StudyCode1.elf.dir/Core/Src/stm32f1xx_it.c.obj
LOAD CMakeFiles/STM32F103_StudyCode1.elf.dir/Core/Src/syscalls.c.obj
LOAD CMakeFiles/STM32F103_StudyCode1.elf.dir/Core/Src/sysmem.c.obj
LOAD CMakeFiles/STM32F103_StudyCode1.elf.dir/Core/Src/system_stm32f1xx.c.obj
LOAD CMakeFiles/STM32F103_StudyCode1.elf.dir/Core/Src/tim.c.obj
LOAD CMakeFiles/STM32F103_StudyCode1.elf.dir/Core/Src/usart.c.obj
LOAD CMakeFiles/STM32F103_StudyCode1.elf.dir/Core/Startup/startup_stm32f103c8tx.s.obj
LOAD CMakeFiles/STM32F103_StudyCode1.elf.dir/Drivers/STM32F1xx_HAL_Driver/Src/stm32f1xx_hal.c.obj
LOAD CMakeFiles/STM32F103_StudyCode1.elf.dir/Drivers/STM32F1xx_HAL_Driver/Src/stm32f1xx_hal_cortex.c.obj
LOAD CMakeFiles/STM32F103_StudyCode1.elf.dir/Drivers/STM32F1xx_HAL_Driver/Src/stm32f1xx_hal_dma.c.obj
LOAD CMakeFiles/STM32F103_StudyCode1.elf.dir/Drivers/STM32F1xx_HAL_Driver/Src/stm32f1xx_hal_exti.c.obj
LOAD CMakeFiles/STM32F103_StudyCode1.elf.dir/Drivers/STM32F1xx_HAL_Driver/Src/stm32f1xx_hal_flash.c.obj
LOAD CMakeFiles/STM32F103_StudyCode1.elf.dir/Drivers/STM32F1xx_HAL_Driver/Src/stm32f1xx_hal_flash_ex.c.obj
LOAD CMakeFiles/STM32F103_StudyCode1.elf.dir/Drivers/STM32F1xx_HAL_Driver/Src/stm32f1xx_hal_gpio.c.obj
LOAD CMakeFiles/STM32F103_StudyCode1.elf.dir/Drivers/STM32F1xx_HAL_Driver/Src/stm32f1xx_hal_gpio_ex.c.obj
LOAD CMakeFiles/STM32F103_StudyCode1.elf.dir/Drivers/STM32F1xx_HAL_Driver/Src/stm32f1xx_hal_pwr.c.obj
LOAD CMakeFiles/STM32F103_StudyCode1.elf.dir/Drivers/STM32F1xx_HAL_Driver/Src/stm32f1xx_hal_rcc.c.obj
LOAD CMakeFiles/STM32F103_StudyCode1.elf.dir/Drivers/STM32F1xx_HAL_Driver/Src/stm32f1xx_hal_rcc_ex.c.obj
LOAD CMakeFiles/STM32F103_StudyCode1.elf.dir/Drivers/STM32F1xx_HAL_Driver/Src/stm32f1xx_hal_tim.c.obj
LOAD CMakeFiles/STM32F103_StudyCode1.elf.dir/Drivers/STM32F1xx_HAL_Driver/Src/stm32f1xx_hal_tim_ex.c.obj
LOAD CMakeFiles/STM32F103_StudyCode1.elf.dir/Drivers/STM32F1xx_HAL_Driver/Src/stm32f1xx_hal_uart.c.obj
START GROUP
LOAD d:/software/jetbrains/gcc-arm-none-eabi/bin/../lib/gcc/arm-none-eabi/10.3.1/thumb/v7-m/nofp\libgcc.a
LOAD d:/software/jetbrains/gcc-arm-none-eabi/bin/../lib/gcc/arm-none-eabi/10.3.1/../../../../arm-none-eabi/lib/thumb/v7-m/nofp\libg.a
LOAD d:/software/jetbrains/gcc-arm-none-eabi/bin/../lib/gcc/arm-none-eabi/10.3.1/../../../../arm-none-eabi/lib/thumb/v7-m/nofp\libc.a
END GROUP
LOAD d:/software/jetbrains/gcc-arm-none-eabi/bin/../lib/gcc/arm-none-eabi/10.3.1/thumb/v7-m/nofp/crtend.o
LOAD d:/software/jetbrains/gcc-arm-none-eabi/bin/../lib/gcc/arm-none-eabi/10.3.1/thumb/v7-m/nofp/crtn.o
                0x20005000                _estack = (ORIGIN (RAM) + LENGTH (RAM))
                0x00000200                _Min_Heap_Size = 0x200
                0x00000400                _Min_Stack_Size = 0x400

.isr_vector     0x08000000      0x10c
                0x08000000                . = ALIGN (0x4)
 *(.isr_vector)
 .isr_vector    0x08000000      0x10c CMakeFiles/STM32F103_StudyCode1.elf.dir/Core/Startup/startup_stm32f103c8tx.s.obj
                0x08000000                g_pfnVectors
                0x0800010c                . = ALIGN (0x4)

.text           0x0800010c     0x1848
                0x0800010c                . = ALIGN (0x4)
 *(.text)
 .text          0x0800010c       0x40 d:/software/jetbrains/gcc-arm-none-eabi/bin/../lib/gcc/arm-none-eabi/10.3.1/thumb/v7-m/nofp/crtbegin.o
 *(.text*)
 .text.MX_GPIO_Init
                0x0800014c       0xdc CMakeFiles/STM32F103_StudyCode1.elf.dir/Core/Src/gpio.c.obj
                0x0800014c                MX_GPIO_Init
 .text.HAL_GPIO_EXTI_Callback
                0x08000228       0x30 CMakeFiles/STM32F103_StudyCode1.elf.dir/Core/Src/main.c.obj
                0x08000228                HAL_GPIO_EXTI_Callback
 .text.HAL_TIM_PeriodElapsedCallback
                0x08000258       0x30 CMakeFiles/STM32F103_StudyCode1.elf.dir/Core/Src/main.c.obj
                0x08000258                HAL_TIM_PeriodElapsedCallback
 .text.Error_Handler
                0x08000288        0x4 CMakeFiles/STM32F103_StudyCode1.elf.dir/Core/Src/main.c.obj
                0x08000288                Error_Handler
 .text.SystemClock_Config
                0x0800028c       0x68 CMakeFiles/STM32F103_StudyCode1.elf.dir/Core/Src/main.c.obj
                0x0800028c                SystemClock_Config
 .text.main     0x080002f4       0xe0 CMakeFiles/STM32F103_StudyCode1.elf.dir/Core/Src/main.c.obj
                0x080002f4                main
 .text.HAL_MspInit
                0x080003d4       0x30 CMakeFiles/STM32F103_StudyCode1.elf.dir/Core/Src/stm32f1xx_hal_msp.c.obj
                0x080003d4                HAL_MspInit
 .text.NMI_Handler
                0x08000404        0x8 CMakeFiles/STM32F103_StudyCode1.elf.dir/Core/Src/stm32f1xx_it.c.obj
                0x08000404                NMI_Handler
 .text.HardFault_Handler
                0x0800040c        0x2 CMakeFiles/STM32F103_StudyCode1.elf.dir/Core/Src/stm32f1xx_it.c.obj
                0x0800040c                HardFault_Handler
 .text.MemManage_Handler
                0x0800040e        0x2 CMakeFiles/STM32F103_StudyCode1.elf.dir/Core/Src/stm32f1xx_it.c.obj
                0x0800040e                MemManage_Handler
 .text.BusFault_Handler
                0x08000410        0x2 CMakeFiles/STM32F103_StudyCode1.elf.dir/Core/Src/stm32f1xx_it.c.obj
                0x08000410                BusFault_Handler
 .text.UsageFault_Handler
                0x08000412        0x2 CMakeFiles/STM32F103_StudyCode1.elf.dir/Core/Src/stm32f1xx_it.c.obj
                0x08000412                UsageFault_Handler
 .text.SVC_Handler
                0x08000414        0x2 CMakeFiles/STM32F103_StudyCode1.elf.dir/Core/Src/stm32f1xx_it.c.obj
                0x08000414                SVC_Handler
 .text.DebugMon_Handler
                0x08000416        0x2 CMakeFiles/STM32F103_StudyCode1.elf.dir/Core/Src/stm32f1xx_it.c.obj
                0x08000416                DebugMon_Handler
 .text.PendSV_Handler
                0x08000418        0x2 CMakeFiles/STM32F103_StudyCode1.elf.dir/Core/Src/stm32f1xx_it.c.obj
                0x08000418                PendSV_Handler
 .text.SysTick_Handler
                0x0800041a        0x8 CMakeFiles/STM32F103_StudyCode1.elf.dir/Core/Src/stm32f1xx_it.c.obj
                0x0800041a                SysTick_Handler
 *fill*         0x08000422        0x2 
 .text.TIM2_IRQHandler
                0x08000424       0x10 CMakeFiles/STM32F103_StudyCode1.elf.dir/Core/Src/stm32f1xx_it.c.obj
                0x08000424                TIM2_IRQHandler
 .text.EXTI15_10_IRQHandler
                0x08000434       0x14 CMakeFiles/STM32F103_StudyCode1.elf.dir/Core/Src/stm32f1xx_it.c.obj
                0x08000434                EXTI15_10_IRQHandler
 .text.SystemInit
                0x08000448        0x2 CMakeFiles/STM32F103_StudyCode1.elf.dir/Core/Src/system_stm32f1xx.c.obj
                0x08000448                SystemInit
 *fill*         0x0800044a        0x2 
 .text.MX_TIM2_Init
                0x0800044c       0x6c CMakeFiles/STM32F103_StudyCode1.elf.dir/Core/Src/tim.c.obj
                0x0800044c                MX_TIM2_Init
 .text.HAL_TIM_Base_MspInit
                0x080004b8       0x3a CMakeFiles/STM32F103_StudyCode1.elf.dir/Core/Src/tim.c.obj
                0x080004b8                HAL_TIM_Base_MspInit
 *fill*         0x080004f2        0x2 
 .text.MX_USART1_UART_Init
                0x080004f4       0x34 CMakeFiles/STM32F103_StudyCode1.elf.dir/Core/Src/usart.c.obj
                0x080004f4                MX_USART1_UART_Init
 .text.HAL_UART_MspInit
                0x08000528       0x78 CMakeFiles/STM32F103_StudyCode1.elf.dir/Core/Src/usart.c.obj
                0x08000528                HAL_UART_MspInit
 .text.Reset_Handler
                0x080005a0       0x48 CMakeFiles/STM32F103_StudyCode1.elf.dir/Core/Startup/startup_stm32f103c8tx.s.obj
                0x080005a0                Reset_Handler
 .text.Default_Handler
                0x080005e8        0x2 CMakeFiles/STM32F103_StudyCode1.elf.dir/Core/Startup/startup_stm32f103c8tx.s.obj
                0x080005e8                RTC_Alarm_IRQHandler
                0x080005e8                EXTI2_IRQHandler
                0x080005e8                TIM1_CC_IRQHandler
                0x080005e8                PVD_IRQHandler
                0x080005e8                EXTI3_IRQHandler
                0x080005e8                EXTI0_IRQHandler
                0x080005e8                I2C2_EV_IRQHandler
                0x080005e8                ADC1_2_IRQHandler
                0x080005e8                SPI1_IRQHandler
                0x080005e8                TAMPER_IRQHandler
                0x080005e8                DMA1_Channel4_IRQHandler
                0x080005e8                USART3_IRQHandler
                0x080005e8                RTC_IRQHandler
                0x080005e8                DMA1_Channel7_IRQHandler
                0x080005e8                CAN1_RX1_IRQHandler
                0x080005e8                TIM4_IRQHandler
                0x080005e8                I2C1_EV_IRQHandler
                0x080005e8                DMA1_Channel6_IRQHandler
                0x080005e8                TIM3_IRQHandler
                0x080005e8                RCC_IRQHandler
                0x080005e8                TIM1_TRG_COM_IRQHandler
                0x080005e8                DMA1_Channel1_IRQHandler
                0x080005e8                Default_Handler
                0x080005e8                EXTI9_5_IRQHandler
                0x080005e8                SPI2_IRQHandler
                0x080005e8                DMA1_Channel5_IRQHandler
                0x080005e8                EXTI4_IRQHandler
                0x080005e8                USB_LP_CAN1_RX0_IRQHandler
                0x080005e8                USB_HP_CAN1_TX_IRQHandler
                0x080005e8                DMA1_Channel3_IRQHandler
                0x080005e8                TIM1_UP_IRQHandler
                0x080005e8                WWDG_IRQHandler
                0x080005e8                TIM1_BRK_IRQHandler
                0x080005e8                EXTI1_IRQHandler
                0x080005e8                USART2_IRQHandler
                0x080005e8                I2C2_ER_IRQHandler
                0x080005e8                DMA1_Channel2_IRQHandler
                0x080005e8                CAN1_SCE_IRQHandler
                0x080005e8                FLASH_IRQHandler
                0x080005e8                USART1_IRQHandler
                0x080005e8                I2C1_ER_IRQHandler
                0x080005e8                USBWakeUp_IRQHandler
 *fill*         0x080005ea        0x2 
 .text.HAL_InitTick
                0x080005ec       0x4c CMakeFiles/STM32F103_StudyCode1.elf.dir/Drivers/STM32F1xx_HAL_Driver/Src/stm32f1xx_hal.c.obj
                0x080005ec                HAL_InitTick
 .text.HAL_Init
                0x08000638       0x24 CMakeFiles/STM32F103_StudyCode1.elf.dir/Drivers/STM32F1xx_HAL_Driver/Src/stm32f1xx_hal.c.obj
                0x08000638                HAL_Init
 .text.HAL_IncTick
                0x0800065c       0x18 CMakeFiles/STM32F103_StudyCode1.elf.dir/Drivers/STM32F1xx_HAL_Driver/Src/stm32f1xx_hal.c.obj
                0x0800065c                HAL_IncTick
 .text.HAL_GetTick
                0x08000674        0xc CMakeFiles/STM32F103_StudyCode1.elf.dir/Drivers/STM32F1xx_HAL_Driver/Src/stm32f1xx_hal.c.obj
                0x08000674                HAL_GetTick
 .text.HAL_Delay
                0x08000680       0x28 CMakeFiles/STM32F103_StudyCode1.elf.dir/Drivers/STM32F1xx_HAL_Driver/Src/stm32f1xx_hal.c.obj
                0x08000680                HAL_Delay
 .text.HAL_NVIC_SetPriorityGrouping
                0x080006a8       0x24 CMakeFiles/STM32F103_StudyCode1.elf.dir/Drivers/STM32F1xx_HAL_Driver/Src/stm32f1xx_hal_cortex.c.obj
                0x080006a8                HAL_NVIC_SetPriorityGrouping
 .text.HAL_NVIC_SetPriority
                0x080006cc       0x70 CMakeFiles/STM32F103_StudyCode1.elf.dir/Drivers/STM32F1xx_HAL_Driver/Src/stm32f1xx_hal_cortex.c.obj
                0x080006cc                HAL_NVIC_SetPriority
 .text.HAL_NVIC_EnableIRQ
                0x0800073c       0x1c CMakeFiles/STM32F103_StudyCode1.elf.dir/Drivers/STM32F1xx_HAL_Driver/Src/stm32f1xx_hal_cortex.c.obj
                0x0800073c                HAL_NVIC_EnableIRQ
 .text.HAL_SYSTICK_Config
                0x08000758       0x28 CMakeFiles/STM32F103_StudyCode1.elf.dir/Drivers/STM32F1xx_HAL_Driver/Src/stm32f1xx_hal_cortex.c.obj
                0x08000758                HAL_SYSTICK_Config
 .text.HAL_GPIO_Init
                0x08000780      0x224 CMakeFiles/STM32F103_StudyCode1.elf.dir/Drivers/STM32F1xx_HAL_Driver/Src/stm32f1xx_hal_gpio.c.obj
                0x08000780                HAL_GPIO_Init
 .text.HAL_GPIO_ReadPin
                0x080009a4        0xe CMakeFiles/STM32F103_StudyCode1.elf.dir/Drivers/STM32F1xx_HAL_Driver/Src/stm32f1xx_hal_gpio.c.obj
                0x080009a4                HAL_GPIO_ReadPin
 .text.HAL_GPIO_WritePin
                0x080009b2        0xc CMakeFiles/STM32F103_StudyCode1.elf.dir/Drivers/STM32F1xx_HAL_Driver/Src/stm32f1xx_hal_gpio.c.obj
                0x080009b2                HAL_GPIO_WritePin
 .text.HAL_GPIO_TogglePin
                0x080009be       0x12 CMakeFiles/STM32F103_StudyCode1.elf.dir/Drivers/STM32F1xx_HAL_Driver/Src/stm32f1xx_hal_gpio.c.obj
                0x080009be                HAL_GPIO_TogglePin
 .text.HAL_GPIO_EXTI_IRQHandler
                0x080009d0       0x1c CMakeFiles/STM32F103_StudyCode1.elf.dir/Drivers/STM32F1xx_HAL_Driver/Src/stm32f1xx_hal_gpio.c.obj
                0x080009d0                HAL_GPIO_EXTI_IRQHandler
 .text.RCC_Delay
                0x080009ec       0x2c CMakeFiles/STM32F103_StudyCode1.elf.dir/Drivers/STM32F1xx_HAL_Driver/Src/stm32f1xx_hal_rcc.c.obj
 .text.HAL_RCC_OscConfig
                0x08000a18      0x410 CMakeFiles/STM32F103_StudyCode1.elf.dir/Drivers/STM32F1xx_HAL_Driver/Src/stm32f1xx_hal_rcc.c.obj
                0x08000a18                HAL_RCC_OscConfig
 .text.HAL_RCC_EnableCSS
                0x08000e28        0xc CMakeFiles/STM32F103_StudyCode1.elf.dir/Drivers/STM32F1xx_HAL_Driver/Src/stm32f1xx_hal_rcc.c.obj
                0x08000e28                HAL_RCC_EnableCSS
 .text.HAL_RCC_GetSysClockFreq
                0x08000e34       0x60 CMakeFiles/STM32F103_StudyCode1.elf.dir/Drivers/STM32F1xx_HAL_Driver/Src/stm32f1xx_hal_rcc.c.obj
                0x08000e34                HAL_RCC_GetSysClockFreq
 .text.HAL_RCC_ClockConfig
                0x08000e94      0x16c CMakeFiles/STM32F103_StudyCode1.elf.dir/Drivers/STM32F1xx_HAL_Driver/Src/stm32f1xx_hal_rcc.c.obj
                0x08000e94                HAL_RCC_ClockConfig
 .text.HAL_RCC_GetHCLKFreq
                0x08001000        0xc CMakeFiles/STM32F103_StudyCode1.elf.dir/Drivers/STM32F1xx_HAL_Driver/Src/stm32f1xx_hal_rcc.c.obj
                0x08001000                HAL_RCC_GetHCLKFreq
 .text.HAL_RCC_GetPCLK1Freq
                0x0800100c       0x20 CMakeFiles/STM32F103_StudyCode1.elf.dir/Drivers/STM32F1xx_HAL_Driver/Src/stm32f1xx_hal_rcc.c.obj
                0x0800100c                HAL_RCC_GetPCLK1Freq
 .text.HAL_RCC_GetPCLK2Freq
                0x0800102c       0x20 CMakeFiles/STM32F103_StudyCode1.elf.dir/Drivers/STM32F1xx_HAL_Driver/Src/stm32f1xx_hal_rcc.c.obj
                0x0800102c                HAL_RCC_GetPCLK2Freq
 .text.HAL_RCC_CSSCallback
                0x0800104c        0x2 CMakeFiles/STM32F103_StudyCode1.elf.dir/Drivers/STM32F1xx_HAL_Driver/Src/stm32f1xx_hal_rcc.c.obj
                0x0800104c                HAL_RCC_CSSCallback
 *fill*         0x0800104e        0x2 
 .text.HAL_RCC_NMI_IRQHandler
                0x08001050       0x20 CMakeFiles/STM32F103_StudyCode1.elf.dir/Drivers/STM32F1xx_HAL_Driver/Src/stm32f1xx_hal_rcc.c.obj
                0x08001050                HAL_RCC_NMI_IRQHandler
 .text.TIM_TI1_ConfigInputStage
                0x08001070       0x24 CMakeFiles/STM32F103_StudyCode1.elf.dir/Drivers/STM32F1xx_HAL_Driver/Src/stm32f1xx_hal_tim.c.obj
 .text.TIM_TI2_ConfigInputStage
                0x08001094       0x26 CMakeFiles/STM32F103_StudyCode1.elf.dir/Drivers/STM32F1xx_HAL_Driver/Src/stm32f1xx_hal_tim.c.obj
 .text.TIM_ITRx_SetConfig
                0x080010ba       0x10 CMakeFiles/STM32F103_StudyCode1.elf.dir/Drivers/STM32F1xx_HAL_Driver/Src/stm32f1xx_hal_tim.c.obj
 .text.HAL_TIM_Base_Stop
                0x080010ca       0x28 CMakeFiles/STM32F103_StudyCode1.elf.dir/Drivers/STM32F1xx_HAL_Driver/Src/stm32f1xx_hal_tim.c.obj
                0x080010ca                HAL_TIM_Base_Stop
 *fill*         0x080010f2        0x2 
 .text.HAL_TIM_Base_Start_IT
                0x080010f4       0x68 CMakeFiles/STM32F103_StudyCode1.elf.dir/Drivers/STM32F1xx_HAL_Driver/Src/stm32f1xx_hal_tim.c.obj
                0x080010f4                HAL_TIM_Base_Start_IT
 .text.HAL_TIM_OC_DelayElapsedCallback
                0x0800115c        0x2 CMakeFiles/STM32F103_StudyCode1.elf.dir/Drivers/STM32F1xx_HAL_Driver/Src/stm32f1xx_hal_tim.c.obj
                0x0800115c                HAL_TIM_OC_DelayElapsedCallback
 .text.HAL_TIM_IC_CaptureCallback
                0x0800115e        0x2 CMakeFiles/STM32F103_StudyCode1.elf.dir/Drivers/STM32F1xx_HAL_Driver/Src/stm32f1xx_hal_tim.c.obj
                0x0800115e                HAL_TIM_IC_CaptureCallback
 .text.HAL_TIM_PWM_PulseFinishedCallback
                0x08001160        0x2 CMakeFiles/STM32F103_StudyCode1.elf.dir/Drivers/STM32F1xx_HAL_Driver/Src/stm32f1xx_hal_tim.c.obj
                0x08001160                HAL_TIM_PWM_PulseFinishedCallback
 .text.HAL_TIM_TriggerCallback
                0x08001162        0x2 CMakeFiles/STM32F103_StudyCode1.elf.dir/Drivers/STM32F1xx_HAL_Driver/Src/stm32f1xx_hal_tim.c.obj
                0x08001162                HAL_TIM_TriggerCallback
 .text.HAL_TIM_IRQHandler
                0x08001164      0x17a CMakeFiles/STM32F103_StudyCode1.elf.dir/Drivers/STM32F1xx_HAL_Driver/Src/stm32f1xx_hal_tim.c.obj
                0x08001164                HAL_TIM_IRQHandler
 *fill*         0x080012de        0x2 
 .text.TIM_Base_SetConfig
                0x080012e0       0x74 CMakeFiles/STM32F103_StudyCode1.elf.dir/Drivers/STM32F1xx_HAL_Driver/Src/stm32f1xx_hal_tim.c.obj
                0x080012e0                TIM_Base_SetConfig
 .text.HAL_TIM_Base_Init
                0x08001354       0x58 CMakeFiles/STM32F103_StudyCode1.elf.dir/Drivers/STM32F1xx_HAL_Driver/Src/stm32f1xx_hal_tim.c.obj
                0x08001354                HAL_TIM_Base_Init
 .text.TIM_ETR_SetConfig
                0x080013ac       0x18 CMakeFiles/STM32F103_StudyCode1.elf.dir/Drivers/STM32F1xx_HAL_Driver/Src/stm32f1xx_hal_tim.c.obj
                0x080013ac                TIM_ETR_SetConfig
 .text.HAL_TIM_ConfigClockSource
                0x080013c4       0xfe CMakeFiles/STM32F103_StudyCode1.elf.dir/Drivers/STM32F1xx_HAL_Driver/Src/stm32f1xx_hal_tim.c.obj
                0x080013c4                HAL_TIM_ConfigClockSource
 *fill*         0x080014c2        0x2 
 .text.HAL_TIMEx_MasterConfigSynchronization
                0x080014c4       0x6c CMakeFiles/STM32F103_StudyCode1.elf.dir/Drivers/STM32F1xx_HAL_Driver/Src/stm32f1xx_hal_tim_ex.c.obj
                0x080014c4                HAL_TIMEx_MasterConfigSynchronization
 .text.HAL_TIMEx_CommutCallback
                0x08001530        0x2 CMakeFiles/STM32F103_StudyCode1.elf.dir/Drivers/STM32F1xx_HAL_Driver/Src/stm32f1xx_hal_tim_ex.c.obj
                0x08001530                HAL_TIMEx_CommutCallback
 .text.HAL_TIMEx_BreakCallback
                0x08001532        0x2 CMakeFiles/STM32F103_StudyCode1.elf.dir/Drivers/STM32F1xx_HAL_Driver/Src/stm32f1xx_hal_tim_ex.c.obj
                0x08001532                HAL_TIMEx_BreakCallback
 .text.UART_SetConfig
                0x08001534       0x94 CMakeFiles/STM32F103_StudyCode1.elf.dir/Drivers/STM32F1xx_HAL_Driver/Src/stm32f1xx_hal_uart.c.obj
 .text.UART_WaitOnFlagUntilTimeout
                0x080015c8       0x88 CMakeFiles/STM32F103_StudyCode1.elf.dir/Drivers/STM32F1xx_HAL_Driver/Src/stm32f1xx_hal_uart.c.obj
 .text.HAL_UART_Init
                0x08001650       0x60 CMakeFiles/STM32F103_StudyCode1.elf.dir/Drivers/STM32F1xx_HAL_Driver/Src/stm32f1xx_hal_uart.c.obj
                0x08001650                HAL_UART_Init
 .text.HAL_UART_Transmit
                0x080016b0       0xbe CMakeFiles/STM32F103_StudyCode1.elf.dir/Drivers/STM32F1xx_HAL_Driver/Src/stm32f1xx_hal_uart.c.obj
                0x080016b0                HAL_UART_Transmit
 *fill*         0x0800176e        0x2 
 .text.__libc_init_array
                0x08001770       0x48 d:/software/jetbrains/gcc-arm-none-eabi/bin/../lib/gcc/arm-none-eabi/10.3.1/../../../../arm-none-eabi/lib/thumb/v7-m/nofp\libg.a(lib_a-init.o)
                0x08001770                __libc_init_array
 .text.memset   0x080017b8       0xa4 d:/software/jetbrains/gcc-arm-none-eabi/bin/../lib/gcc/arm-none-eabi/10.3.1/../../../../arm-none-eabi/lib/thumb/v7-m/nofp\libg.a(lib_a-memset.o)
                0x080017b8                memset
 .text.startup.register_fini
                0x0800185c       0x14 d:/software/jetbrains/gcc-arm-none-eabi/bin/../lib/gcc/arm-none-eabi/10.3.1/../../../../arm-none-eabi/lib/thumb/v7-m/nofp\libg.a(lib_a-__call_atexit.o)
 .text.atexit   0x08001870        0xc d:/software/jetbrains/gcc-arm-none-eabi/bin/../lib/gcc/arm-none-eabi/10.3.1/../../../../arm-none-eabi/lib/thumb/v7-m/nofp\libg.a(lib_a-atexit.o)
                0x08001870                atexit
 .text.__libc_fini_array
                0x0800187c       0x2c d:/software/jetbrains/gcc-arm-none-eabi/bin/../lib/gcc/arm-none-eabi/10.3.1/../../../../arm-none-eabi/lib/thumb/v7-m/nofp\libg.a(lib_a-fini.o)
                0x0800187c                __libc_fini_array
 .text.__retarget_lock_acquire_recursive
                0x080018a8        0x4 d:/software/jetbrains/gcc-arm-none-eabi/bin/../lib/gcc/arm-none-eabi/10.3.1/../../../../arm-none-eabi/lib/thumb/v7-m/nofp\libg.a(lib_a-lock.o)
                0x080018a8                __retarget_lock_acquire_recursive
 .text.__retarget_lock_release_recursive
                0x080018ac        0x4 d:/software/jetbrains/gcc-arm-none-eabi/bin/../lib/gcc/arm-none-eabi/10.3.1/../../../../arm-none-eabi/lib/thumb/v7-m/nofp\libg.a(lib_a-lock.o)
                0x080018ac                __retarget_lock_release_recursive
 .text.__register_exitproc
                0x080018b0       0x8c d:/software/jetbrains/gcc-arm-none-eabi/bin/../lib/gcc/arm-none-eabi/10.3.1/../../../../arm-none-eabi/lib/thumb/v7-m/nofp\libg.a(lib_a-__atexit.o)
                0x080018b0                __register_exitproc
 *(.glue_7)
 .glue_7        0x0800193c        0x0 linker stubs
 *(.glue_7t)
 .glue_7t       0x0800193c        0x0 linker stubs
 *(.eh_frame)
 .eh_frame      0x0800193c        0x0 d:/software/jetbrains/gcc-arm-none-eabi/bin/../lib/gcc/arm-none-eabi/10.3.1/thumb/v7-m/nofp/crtbegin.o
 *(.init)
 .init          0x0800193c        0x4 d:/software/jetbrains/gcc-arm-none-eabi/bin/../lib/gcc/arm-none-eabi/10.3.1/thumb/v7-m/nofp/crti.o
                0x0800193c                _init
 .init          0x08001940        0x8 d:/software/jetbrains/gcc-arm-none-eabi/bin/../lib/gcc/arm-none-eabi/10.3.1/thumb/v7-m/nofp/crtn.o
 *(.fini)
 .fini          0x08001948        0x4 d:/software/jetbrains/gcc-arm-none-eabi/bin/../lib/gcc/arm-none-eabi/10.3.1/thumb/v7-m/nofp/crti.o
                0x08001948                _fini
 .fini          0x0800194c        0x8 d:/software/jetbrains/gcc-arm-none-eabi/bin/../lib/gcc/arm-none-eabi/10.3.1/thumb/v7-m/nofp/crtn.o
                0x08001954                . = ALIGN (0x4)
                0x08001954                _etext = .

.vfp11_veneer   0x08001954        0x0
 .vfp11_veneer  0x08001954        0x0 linker stubs

.v4_bx          0x08001954        0x0
 .v4_bx         0x08001954        0x0 linker stubs

.iplt           0x08001954        0x0
 .iplt          0x08001954        0x0 d:/software/jetbrains/gcc-arm-none-eabi/bin/../lib/gcc/arm-none-eabi/10.3.1/thumb/v7-m/nofp/crtbegin.o

.rodata         0x08001954       0x30
                0x08001954                . = ALIGN (0x4)
 *(.rodata)
 *(.rodata*)
 .rodata.AHBPrescTable
                0x08001954       0x10 CMakeFiles/STM32F103_StudyCode1.elf.dir/Core/Src/system_stm32f1xx.c.obj
                0x08001954                AHBPrescTable
 .rodata.APBPrescTable
                0x08001964        0x8 CMakeFiles/STM32F103_StudyCode1.elf.dir/Core/Src/system_stm32f1xx.c.obj
                0x08001964                APBPrescTable
 .rodata.aPLLMULFactorTable.1
                0x0800196c       0x10 CMakeFiles/STM32F103_StudyCode1.elf.dir/Drivers/STM32F1xx_HAL_Driver/Src/stm32f1xx_hal_rcc.c.obj
 .rodata.aPredivFactorTable.0
                0x0800197c        0x2 CMakeFiles/STM32F103_StudyCode1.elf.dir/Drivers/STM32F1xx_HAL_Driver/Src/stm32f1xx_hal_rcc.c.obj
 *fill*         0x0800197e        0x2 
 .rodata._global_impure_ptr
                0x08001980        0x4 d:/software/jetbrains/gcc-arm-none-eabi/bin/../lib/gcc/arm-none-eabi/10.3.1/../../../../arm-none-eabi/lib/thumb/v7-m/nofp\libg.a(lib_a-impure.o)
                0x08001980                _global_impure_ptr
                0x08001984                . = ALIGN (0x4)

.rel.dyn        0x08001984        0x0
 .rel.iplt      0x08001984        0x0 d:/software/jetbrains/gcc-arm-none-eabi/bin/../lib/gcc/arm-none-eabi/10.3.1/thumb/v7-m/nofp/crtbegin.o

.ARM.extab      0x08001984        0x0
                0x08001984                . = ALIGN (0x4)
 *(.ARM.extab* .gnu.linkonce.armextab.*)
                0x08001984                . = ALIGN (0x4)

.ARM            0x08001984        0x0
                0x08001984                . = ALIGN (0x4)
                0x08001984                __exidx_start = .
 *(.ARM.exidx*)
                0x08001984                __exidx_end = .
                0x08001984                . = ALIGN (0x4)

.preinit_array  0x08001984        0x0
                0x08001984                . = ALIGN (0x4)
                0x08001984                PROVIDE (__preinit_array_start = .)
 *(.preinit_array*)
                0x08001984                PROVIDE (__preinit_array_end = .)
                0x08001984                . = ALIGN (0x4)

.init_array     0x08001984        0x8
                0x08001984                . = ALIGN (0x4)
                0x08001984                PROVIDE (__init_array_start = .)
 *(SORT_BY_NAME(.init_array.*))
 .init_array.00000
                0x08001984        0x4 d:/software/jetbrains/gcc-arm-none-eabi/bin/../lib/gcc/arm-none-eabi/10.3.1/../../../../arm-none-eabi/lib/thumb/v7-m/nofp\libg.a(lib_a-__call_atexit.o)
 *(.init_array*)
 .init_array    0x08001988        0x4 d:/software/jetbrains/gcc-arm-none-eabi/bin/../lib/gcc/arm-none-eabi/10.3.1/thumb/v7-m/nofp/crtbegin.o
                0x0800198c                PROVIDE (__init_array_end = .)
                0x0800198c                . = ALIGN (0x4)

.fini_array     0x0800198c        0x4
                0x0800198c                . = ALIGN (0x4)
                0x0800198c                PROVIDE (__fini_array_start = .)
 *(SORT_BY_NAME(.fini_array.*))
 *(.fini_array*)
 .fini_array    0x0800198c        0x4 d:/software/jetbrains/gcc-arm-none-eabi/bin/../lib/gcc/arm-none-eabi/10.3.1/thumb/v7-m/nofp/crtbegin.o
                0x08001990                PROVIDE (__fini_array_end = .)
                0x08001990                . = ALIGN (0x4)
                0x08001990                _sidata = LOADADDR (.data)

.data           0x20000000      0x44c load address 0x08001990
                0x20000000                . = ALIGN (0x4)
                0x20000000                _sdata = .
 *(.data)
 *(.data*)
 .data.presstime
                0x20000000        0x1 CMakeFiles/STM32F103_StudyCode1.elf.dir/Core/Src/main.c.obj
                0x20000000                presstime
 *fill*         0x20000001        0x3 
 .data.str      0x20000004        0xd CMakeFiles/STM32F103_StudyCode1.elf.dir/Core/Src/main.c.obj
                0x20000004                str
 *fill*         0x20000011        0x3 
 .data.SystemCoreClock
                0x20000014        0x4 CMakeFiles/STM32F103_StudyCode1.elf.dir/Core/Src/system_stm32f1xx.c.obj
                0x20000014                SystemCoreClock
 .data.uwTickFreq
                0x20000018        0x1 CMakeFiles/STM32F103_StudyCode1.elf.dir/Drivers/STM32F1xx_HAL_Driver/Src/stm32f1xx_hal.c.obj
                0x20000018                uwTickFreq
 *fill*         0x20000019        0x3 
 .data.uwTickPrio
                0x2000001c        0x4 CMakeFiles/STM32F103_StudyCode1.elf.dir/Drivers/STM32F1xx_HAL_Driver/Src/stm32f1xx_hal.c.obj
                0x2000001c                uwTickPrio
 .data.impure_data
                0x20000020      0x428 d:/software/jetbrains/gcc-arm-none-eabi/bin/../lib/gcc/arm-none-eabi/10.3.1/../../../../arm-none-eabi/lib/thumb/v7-m/nofp\libg.a(lib_a-impure.o)
 .data.__atexit_recursive_mutex
                0x20000448        0x4 d:/software/jetbrains/gcc-arm-none-eabi/bin/../lib/gcc/arm-none-eabi/10.3.1/../../../../arm-none-eabi/lib/thumb/v7-m/nofp\libg.a(lib_a-__call_atexit.o)
                0x20000448                __atexit_recursive_mutex
 *(.RamFunc)
 *(.RamFunc*)
                0x2000044c                . = ALIGN (0x4)
                0x2000044c                _edata = .

.igot.plt       0x2000044c        0x0 load address 0x08001ddc
 .igot.plt      0x2000044c        0x0 d:/software/jetbrains/gcc-arm-none-eabi/bin/../lib/gcc/arm-none-eabi/10.3.1/thumb/v7-m/nofp/crtbegin.o
                0x2000044c                . = ALIGN (0x4)

.bss            0x2000044c       0xb8 load address 0x08001ddc
                0x2000044c                _sbss = .
                0x2000044c                __bss_start__ = _sbss
 *(.bss)
 .bss           0x2000044c       0x1c d:/software/jetbrains/gcc-arm-none-eabi/bin/../lib/gcc/arm-none-eabi/10.3.1/thumb/v7-m/nofp/crtbegin.o
 *(.bss*)
 .bss.autoreload
                0x20000468        0x2 CMakeFiles/STM32F103_StudyCode1.elf.dir/Core/Src/main.c.obj
 .bss.key_press_flag
                0x2000046a        0x1 CMakeFiles/STM32F103_StudyCode1.elf.dir/Core/Src/main.c.obj
                0x2000046a                key_press_flag
 .bss.tim_init_flag
                0x2000046b        0x1 CMakeFiles/STM32F103_StudyCode1.elf.dir/Core/Src/main.c.obj
                0x2000046b                tim_init_flag
 .bss.htim2     0x2000046c       0x48 CMakeFiles/STM32F103_StudyCode1.elf.dir/Core/Src/tim.c.obj
                0x2000046c                htim2
 .bss.huart1    0x200004b4       0x48 CMakeFiles/STM32F103_StudyCode1.elf.dir/Core/Src/usart.c.obj
                0x200004b4                huart1
 .bss.uwTick    0x200004fc        0x4 CMakeFiles/STM32F103_StudyCode1.elf.dir/Drivers/STM32F1xx_HAL_Driver/Src/stm32f1xx_hal.c.obj
                0x200004fc                uwTick
 .bss.__lock___atexit_recursive_mutex
                0x20000500        0x1 d:/software/jetbrains/gcc-arm-none-eabi/bin/../lib/gcc/arm-none-eabi/10.3.1/../../../../arm-none-eabi/lib/thumb/v7-m/nofp\libg.a(lib_a-lock.o)
                0x20000500                __lock___atexit_recursive_mutex
 *(COMMON)
                0x20000504                . = ALIGN (0x4)
 *fill*         0x20000501        0x3 
                0x20000504                _ebss = .
                0x20000504                __bss_end__ = _ebss

._user_heap_stack
                0x20000504      0x604 load address 0x08001ddc
                0x20000508                . = ALIGN (0x8)
 *fill*         0x20000504        0x4 
                [!provide]                PROVIDE (end = .)
                0x20000508                PROVIDE (_end = .)
                0x20000708                . = (. + _Min_Heap_Size)
 *fill*         0x20000508      0x200 
                0x20000b08                . = (. + _Min_Stack_Size)
 *fill*         0x20000708      0x400 
                0x20000b08                . = ALIGN (0x8)

/DISCARD/
 libc.a(*)
 libm.a(*)
 libgcc.a(*)

.ARM.attributes
                0x00000000       0x29
 *(.ARM.attributes)
 .ARM.attributes
                0x00000000       0x1d d:/software/jetbrains/gcc-arm-none-eabi/bin/../lib/gcc/arm-none-eabi/10.3.1/thumb/v7-m/nofp/crti.o
 .ARM.attributes
                0x0000001d       0x2d d:/software/jetbrains/gcc-arm-none-eabi/bin/../lib/gcc/arm-none-eabi/10.3.1/thumb/v7-m/nofp/crtbegin.o
 .ARM.attributes
                0x0000004a       0x2d CMakeFiles/STM32F103_StudyCode1.elf.dir/Core/Src/gpio.c.obj
 .ARM.attributes
                0x00000077       0x2d CMakeFiles/STM32F103_StudyCode1.elf.dir/Core/Src/main.c.obj
 .ARM.attributes
                0x000000a4       0x2d CMakeFiles/STM32F103_StudyCode1.elf.dir/Core/Src/stm32f1xx_hal_msp.c.obj
 .ARM.attributes
                0x000000d1       0x2d CMakeFiles/STM32F103_StudyCode1.elf.dir/Core/Src/stm32f1xx_it.c.obj
 .ARM.attributes
                0x000000fe       0x2d CMakeFiles/STM32F103_StudyCode1.elf.dir/Core/Src/system_stm32f1xx.c.obj
 .ARM.attributes
                0x0000012b       0x2d CMakeFiles/STM32F103_StudyCode1.elf.dir/Core/Src/tim.c.obj
 .ARM.attributes
                0x00000158       0x2d CMakeFiles/STM32F103_StudyCode1.elf.dir/Core/Src/usart.c.obj
 .ARM.attributes
                0x00000185       0x21 CMakeFiles/STM32F103_StudyCode1.elf.dir/Core/Startup/startup_stm32f103c8tx.s.obj
 .ARM.attributes
                0x000001a6       0x2d CMakeFiles/STM32F103_StudyCode1.elf.dir/Drivers/STM32F1xx_HAL_Driver/Src/stm32f1xx_hal.c.obj
 .ARM.attributes
                0x000001d3       0x2d CMakeFiles/STM32F103_StudyCode1.elf.dir/Drivers/STM32F1xx_HAL_Driver/Src/stm32f1xx_hal_cortex.c.obj
 .ARM.attributes
                0x00000200       0x2d CMakeFiles/STM32F103_StudyCode1.elf.dir/Drivers/STM32F1xx_HAL_Driver/Src/stm32f1xx_hal_gpio.c.obj
 .ARM.attributes
                0x0000022d       0x2d CMakeFiles/STM32F103_StudyCode1.elf.dir/Drivers/STM32F1xx_HAL_Driver/Src/stm32f1xx_hal_rcc.c.obj
 .ARM.attributes
                0x0000025a       0x2d CMakeFiles/STM32F103_StudyCode1.elf.dir/Drivers/STM32F1xx_HAL_Driver/Src/stm32f1xx_hal_tim.c.obj
 .ARM.attributes
                0x00000287       0x2d CMakeFiles/STM32F103_StudyCode1.elf.dir/Drivers/STM32F1xx_HAL_Driver/Src/stm32f1xx_hal_tim_ex.c.obj
 .ARM.attributes
                0x000002b4       0x2d CMakeFiles/STM32F103_StudyCode1.elf.dir/Drivers/STM32F1xx_HAL_Driver/Src/stm32f1xx_hal_uart.c.obj
 .ARM.attributes
                0x000002e1       0x2d d:/software/jetbrains/gcc-arm-none-eabi/bin/../lib/gcc/arm-none-eabi/10.3.1/../../../../arm-none-eabi/lib/thumb/v7-m/nofp\libg.a(lib_a-impure.o)
 .ARM.attributes
                0x0000030e       0x2d d:/software/jetbrains/gcc-arm-none-eabi/bin/../lib/gcc/arm-none-eabi/10.3.1/../../../../arm-none-eabi/lib/thumb/v7-m/nofp\libg.a(lib_a-init.o)
 .ARM.attributes
                0x0000033b       0x2d d:/software/jetbrains/gcc-arm-none-eabi/bin/../lib/gcc/arm-none-eabi/10.3.1/../../../../arm-none-eabi/lib/thumb/v7-m/nofp\libg.a(lib_a-memset.o)
 .ARM.attributes
                0x00000368       0x2d d:/software/jetbrains/gcc-arm-none-eabi/bin/../lib/gcc/arm-none-eabi/10.3.1/../../../../arm-none-eabi/lib/thumb/v7-m/nofp\libg.a(lib_a-__call_atexit.o)
 .ARM.attributes
                0x00000395       0x2d d:/software/jetbrains/gcc-arm-none-eabi/bin/../lib/gcc/arm-none-eabi/10.3.1/../../../../arm-none-eabi/lib/thumb/v7-m/nofp\libg.a(lib_a-atexit.o)
 .ARM.attributes
                0x000003c2       0x2d d:/software/jetbrains/gcc-arm-none-eabi/bin/../lib/gcc/arm-none-eabi/10.3.1/../../../../arm-none-eabi/lib/thumb/v7-m/nofp\libg.a(lib_a-fini.o)
 .ARM.attributes
                0x000003ef       0x2d d:/software/jetbrains/gcc-arm-none-eabi/bin/../lib/gcc/arm-none-eabi/10.3.1/../../../../arm-none-eabi/lib/thumb/v7-m/nofp\libg.a(lib_a-lock.o)
 .ARM.attributes
                0x0000041c       0x2d d:/software/jetbrains/gcc-arm-none-eabi/bin/../lib/gcc/arm-none-eabi/10.3.1/../../../../arm-none-eabi/lib/thumb/v7-m/nofp\libg.a(lib_a-__atexit.o)
 .ARM.attributes
                0x00000449       0x1d d:/software/jetbrains/gcc-arm-none-eabi/bin/../lib/gcc/arm-none-eabi/10.3.1/thumb/v7-m/nofp/crtn.o
OUTPUT(STM32F103_StudyCode1.elf elf32-littlearm)
LOAD linker stubs
LOAD d:/software/jetbrains/gcc-arm-none-eabi/bin/../lib/gcc/arm-none-eabi/10.3.1/../../../../arm-none-eabi/lib/thumb/v7-m/nofp\libc.a
LOAD d:/software/jetbrains/gcc-arm-none-eabi/bin/../lib/gcc/arm-none-eabi/10.3.1/../../../../arm-none-eabi/lib/thumb/v7-m/nofp\libm.a
LOAD d:/software/jetbrains/gcc-arm-none-eabi/bin/../lib/gcc/arm-none-eabi/10.3.1/thumb/v7-m/nofp\libgcc.a

.debug_info     0x00000000     0xf196
 .debug_info    0x00000000      0x508 CMakeFiles/STM32F103_StudyCode1.elf.dir/Core/Src/gpio.c.obj
 .debug_info    0x00000508      0xe21 CMakeFiles/STM32F103_StudyCode1.elf.dir/Core/Src/main.c.obj
 .debug_info    0x00001329      0x1a0 CMakeFiles/STM32F103_StudyCode1.elf.dir/Core/Src/stm32f1xx_hal_msp.c.obj
 .debug_info    0x000014c9      0x787 CMakeFiles/STM32F103_StudyCode1.elf.dir/Core/Src/stm32f1xx_it.c.obj
 .debug_info    0x00001c50      0x248 CMakeFiles/STM32F103_StudyCode1.elf.dir/Core/Src/system_stm32f1xx.c.obj
 .debug_info    0x00001e98      0xa80 CMakeFiles/STM32F103_StudyCode1.elf.dir/Core/Src/tim.c.obj
 .debug_info    0x00002918      0x861 CMakeFiles/STM32F103_StudyCode1.elf.dir/Core/Src/usart.c.obj
 .debug_info    0x00003179       0x22 CMakeFiles/STM32F103_StudyCode1.elf.dir/Core/Startup/startup_stm32f103c8tx.s.obj
 .debug_info    0x0000319b      0x7a8 CMakeFiles/STM32F103_StudyCode1.elf.dir/Drivers/STM32F1xx_HAL_Driver/Src/stm32f1xx_hal.c.obj
 .debug_info    0x00003943      0xd8a CMakeFiles/STM32F103_StudyCode1.elf.dir/Drivers/STM32F1xx_HAL_Driver/Src/stm32f1xx_hal_cortex.c.obj
 .debug_info    0x000046cd      0x66f CMakeFiles/STM32F103_StudyCode1.elf.dir/Drivers/STM32F1xx_HAL_Driver/Src/stm32f1xx_hal_gpio.c.obj
 .debug_info    0x00004d3c      0xa3b CMakeFiles/STM32F103_StudyCode1.elf.dir/Drivers/STM32F1xx_HAL_Driver/Src/stm32f1xx_hal_rcc.c.obj
 .debug_info    0x00005777     0x3d52 CMakeFiles/STM32F103_StudyCode1.elf.dir/Drivers/STM32F1xx_HAL_Driver/Src/stm32f1xx_hal_tim.c.obj
 .debug_info    0x000094c9     0x1abb CMakeFiles/STM32F103_StudyCode1.elf.dir/Drivers/STM32F1xx_HAL_Driver/Src/stm32f1xx_hal_tim_ex.c.obj
 .debug_info    0x0000af84     0x4212 CMakeFiles/STM32F103_StudyCode1.elf.dir/Drivers/STM32F1xx_HAL_Driver/Src/stm32f1xx_hal_uart.c.obj

.debug_abbrev   0x00000000     0x1c5f
 .debug_abbrev  0x00000000      0x167 CMakeFiles/STM32F103_StudyCode1.elf.dir/Core/Src/gpio.c.obj
 .debug_abbrev  0x00000167      0x258 CMakeFiles/STM32F103_StudyCode1.elf.dir/Core/Src/main.c.obj
 .debug_abbrev  0x000003bf       0xce CMakeFiles/STM32F103_StudyCode1.elf.dir/Core/Src/stm32f1xx_hal_msp.c.obj
 .debug_abbrev  0x0000048d      0x1bf CMakeFiles/STM32F103_StudyCode1.elf.dir/Core/Src/stm32f1xx_it.c.obj
 .debug_abbrev  0x0000064c      0x13e CMakeFiles/STM32F103_StudyCode1.elf.dir/Core/Src/system_stm32f1xx.c.obj
 .debug_abbrev  0x0000078a      0x1ed CMakeFiles/STM32F103_StudyCode1.elf.dir/Core/Src/tim.c.obj
 .debug_abbrev  0x00000977      0x1d7 CMakeFiles/STM32F103_StudyCode1.elf.dir/Core/Src/usart.c.obj
 .debug_abbrev  0x00000b4e       0x12 CMakeFiles/STM32F103_StudyCode1.elf.dir/Core/Startup/startup_stm32f103c8tx.s.obj
 .debug_abbrev  0x00000b60      0x1f4 CMakeFiles/STM32F103_StudyCode1.elf.dir/Drivers/STM32F1xx_HAL_Driver/Src/stm32f1xx_hal.c.obj
 .debug_abbrev  0x00000d54      0x341 CMakeFiles/STM32F103_StudyCode1.elf.dir/Drivers/STM32F1xx_HAL_Driver/Src/stm32f1xx_hal_cortex.c.obj
 .debug_abbrev  0x00001095      0x1e6 CMakeFiles/STM32F103_StudyCode1.elf.dir/Drivers/STM32F1xx_HAL_Driver/Src/stm32f1xx_hal_gpio.c.obj
 .debug_abbrev  0x0000127b      0x27a CMakeFiles/STM32F103_StudyCode1.elf.dir/Drivers/STM32F1xx_HAL_Driver/Src/stm32f1xx_hal_rcc.c.obj
 .debug_abbrev  0x000014f5      0x245 CMakeFiles/STM32F103_StudyCode1.elf.dir/Drivers/STM32F1xx_HAL_Driver/Src/stm32f1xx_hal_tim.c.obj
 .debug_abbrev  0x0000173a      0x248 CMakeFiles/STM32F103_StudyCode1.elf.dir/Drivers/STM32F1xx_HAL_Driver/Src/stm32f1xx_hal_tim_ex.c.obj
 .debug_abbrev  0x00001982      0x2dd CMakeFiles/STM32F103_StudyCode1.elf.dir/Drivers/STM32F1xx_HAL_Driver/Src/stm32f1xx_hal_uart.c.obj

.debug_aranges  0x00000000      0xb38
 .debug_aranges
                0x00000000       0x20 CMakeFiles/STM32F103_StudyCode1.elf.dir/Core/Src/gpio.c.obj
 .debug_aranges
                0x00000020       0x40 CMakeFiles/STM32F103_StudyCode1.elf.dir/Core/Src/main.c.obj
 .debug_aranges
                0x00000060       0x20 CMakeFiles/STM32F103_StudyCode1.elf.dir/Core/Src/stm32f1xx_hal_msp.c.obj
 .debug_aranges
                0x00000080       0x70 CMakeFiles/STM32F103_StudyCode1.elf.dir/Core/Src/stm32f1xx_it.c.obj
 .debug_aranges
                0x000000f0       0x28 CMakeFiles/STM32F103_StudyCode1.elf.dir/Core/Src/system_stm32f1xx.c.obj
 .debug_aranges
                0x00000118       0x30 CMakeFiles/STM32F103_StudyCode1.elf.dir/Core/Src/tim.c.obj
 .debug_aranges
                0x00000148       0x30 CMakeFiles/STM32F103_StudyCode1.elf.dir/Core/Src/usart.c.obj
 .debug_aranges
                0x00000178       0x28 CMakeFiles/STM32F103_StudyCode1.elf.dir/Core/Startup/startup_stm32f103c8tx.s.obj
 .debug_aranges
                0x000001a0       0xe0 CMakeFiles/STM32F103_StudyCode1.elf.dir/Drivers/STM32F1xx_HAL_Driver/Src/stm32f1xx_hal.c.obj
 .debug_aranges
                0x00000280       0x90 CMakeFiles/STM32F103_StudyCode1.elf.dir/Drivers/STM32F1xx_HAL_Driver/Src/stm32f1xx_hal_cortex.c.obj
 .debug_aranges
                0x00000310       0x58 CMakeFiles/STM32F103_StudyCode1.elf.dir/Drivers/STM32F1xx_HAL_Driver/Src/stm32f1xx_hal_gpio.c.obj
 .debug_aranges
                0x00000368       0x90 CMakeFiles/STM32F103_StudyCode1.elf.dir/Drivers/STM32F1xx_HAL_Driver/Src/stm32f1xx_hal_rcc.c.obj
 .debug_aranges
                0x000003f8      0x3d0 CMakeFiles/STM32F103_StudyCode1.elf.dir/Drivers/STM32F1xx_HAL_Driver/Src/stm32f1xx_hal_tim.c.obj
 .debug_aranges
                0x000007c8      0x168 CMakeFiles/STM32F103_StudyCode1.elf.dir/Drivers/STM32F1xx_HAL_Driver/Src/stm32f1xx_hal_tim_ex.c.obj
 .debug_aranges
                0x00000930      0x208 CMakeFiles/STM32F103_StudyCode1.elf.dir/Drivers/STM32F1xx_HAL_Driver/Src/stm32f1xx_hal_uart.c.obj

.debug_ranges   0x00000000      0xae8
 .debug_ranges  0x00000000       0x10 CMakeFiles/STM32F103_StudyCode1.elf.dir/Core/Src/gpio.c.obj
 .debug_ranges  0x00000010       0x30 CMakeFiles/STM32F103_StudyCode1.elf.dir/Core/Src/main.c.obj
 .debug_ranges  0x00000040       0x10 CMakeFiles/STM32F103_StudyCode1.elf.dir/Core/Src/stm32f1xx_hal_msp.c.obj
 .debug_ranges  0x00000050       0x60 CMakeFiles/STM32F103_StudyCode1.elf.dir/Core/Src/stm32f1xx_it.c.obj
 .debug_ranges  0x000000b0       0x18 CMakeFiles/STM32F103_StudyCode1.elf.dir/Core/Src/system_stm32f1xx.c.obj
 .debug_ranges  0x000000c8       0x20 CMakeFiles/STM32F103_StudyCode1.elf.dir/Core/Src/tim.c.obj
 .debug_ranges  0x000000e8       0x20 CMakeFiles/STM32F103_StudyCode1.elf.dir/Core/Src/usart.c.obj
 .debug_ranges  0x00000108       0x20 CMakeFiles/STM32F103_StudyCode1.elf.dir/Core/Startup/startup_stm32f103c8tx.s.obj
 .debug_ranges  0x00000128       0xd0 CMakeFiles/STM32F103_StudyCode1.elf.dir/Drivers/STM32F1xx_HAL_Driver/Src/stm32f1xx_hal.c.obj
 .debug_ranges  0x000001f8       0xe0 CMakeFiles/STM32F103_StudyCode1.elf.dir/Drivers/STM32F1xx_HAL_Driver/Src/stm32f1xx_hal_cortex.c.obj
 .debug_ranges  0x000002d8       0x48 CMakeFiles/STM32F103_StudyCode1.elf.dir/Drivers/STM32F1xx_HAL_Driver/Src/stm32f1xx_hal_gpio.c.obj
 .debug_ranges  0x00000320       0xa0 CMakeFiles/STM32F103_StudyCode1.elf.dir/Drivers/STM32F1xx_HAL_Driver/Src/stm32f1xx_hal_rcc.c.obj
 .debug_ranges  0x000003c0      0x3c0 CMakeFiles/STM32F103_StudyCode1.elf.dir/Drivers/STM32F1xx_HAL_Driver/Src/stm32f1xx_hal_tim.c.obj
 .debug_ranges  0x00000780      0x158 CMakeFiles/STM32F103_StudyCode1.elf.dir/Drivers/STM32F1xx_HAL_Driver/Src/stm32f1xx_hal_tim_ex.c.obj
 .debug_ranges  0x000008d8      0x210 CMakeFiles/STM32F103_StudyCode1.elf.dir/Drivers/STM32F1xx_HAL_Driver/Src/stm32f1xx_hal_uart.c.obj

.debug_line     0x00000000     0xe54d
 .debug_line    0x00000000      0x320 CMakeFiles/STM32F103_StudyCode1.elf.dir/Core/Src/gpio.c.obj
 .debug_line    0x00000320      0x5ac CMakeFiles/STM32F103_StudyCode1.elf.dir/Core/Src/main.c.obj
 .debug_line    0x000008cc      0x223 CMakeFiles/STM32F103_StudyCode1.elf.dir/Core/Src/stm32f1xx_hal_msp.c.obj
 .debug_line    0x00000aef      0x426 CMakeFiles/STM32F103_StudyCode1.elf.dir/Core/Src/stm32f1xx_it.c.obj
 .debug_line    0x00000f15      0x29c CMakeFiles/STM32F103_StudyCode1.elf.dir/Core/Src/system_stm32f1xx.c.obj
 .debug_line    0x000011b1      0x3d2 CMakeFiles/STM32F103_StudyCode1.elf.dir/Core/Src/tim.c.obj
 .debug_line    0x00001583      0x3d1 CMakeFiles/STM32F103_StudyCode1.elf.dir/Core/Src/usart.c.obj
 .debug_line    0x00001954       0xc7 CMakeFiles/STM32F103_StudyCode1.elf.dir/Core/Startup/startup_stm32f103c8tx.s.obj
 .debug_line    0x00001a1b      0x60c CMakeFiles/STM32F103_StudyCode1.elf.dir/Drivers/STM32F1xx_HAL_Driver/Src/stm32f1xx_hal.c.obj
 .debug_line    0x00002027      0x6d3 CMakeFiles/STM32F103_StudyCode1.elf.dir/Drivers/STM32F1xx_HAL_Driver/Src/stm32f1xx_hal_cortex.c.obj
 .debug_line    0x000026fa      0x67b CMakeFiles/STM32F103_StudyCode1.elf.dir/Drivers/STM32F1xx_HAL_Driver/Src/stm32f1xx_hal_gpio.c.obj
 .debug_line    0x00002d75      0xcbc CMakeFiles/STM32F103_StudyCode1.elf.dir/Drivers/STM32F1xx_HAL_Driver/Src/stm32f1xx_hal_rcc.c.obj
 .debug_line    0x00003a31     0x4a13 CMakeFiles/STM32F103_StudyCode1.elf.dir/Drivers/STM32F1xx_HAL_Driver/Src/stm32f1xx_hal_tim.c.obj
 .debug_line    0x00008444     0x1c88 CMakeFiles/STM32F103_StudyCode1.elf.dir/Drivers/STM32F1xx_HAL_Driver/Src/stm32f1xx_hal_tim_ex.c.obj
 .debug_line    0x0000a0cc     0x4481 CMakeFiles/STM32F103_StudyCode1.elf.dir/Drivers/STM32F1xx_HAL_Driver/Src/stm32f1xx_hal_uart.c.obj

.debug_str      0x00000000     0x38cc
 .debug_str     0x00000000      0x5ba CMakeFiles/STM32F103_StudyCode1.elf.dir/Core/Src/gpio.c.obj
                                0x605 (size before relaxing)
 .debug_str     0x000005ba      0x958 CMakeFiles/STM32F103_StudyCode1.elf.dir/Core/Src/main.c.obj
                                0xbf3 (size before relaxing)
 .debug_str     0x00000f12       0x6d CMakeFiles/STM32F103_StudyCode1.elf.dir/Core/Src/stm32f1xx_hal_msp.c.obj
                                0x290 (size before relaxing)
 .debug_str     0x00000f7f      0x160 CMakeFiles/STM32F103_StudyCode1.elf.dir/Core/Src/stm32f1xx_it.c.obj
                                0x7f7 (size before relaxing)
 .debug_str     0x000010df       0xbf CMakeFiles/STM32F103_StudyCode1.elf.dir/Core/Src/system_stm32f1xx.c.obj
                                0x2d4 (size before relaxing)
 .debug_str     0x0000119e      0x17f CMakeFiles/STM32F103_StudyCode1.elf.dir/Core/Src/tim.c.obj
                                0xbb8 (size before relaxing)
 .debug_str     0x0000131d       0xa2 CMakeFiles/STM32F103_StudyCode1.elf.dir/Core/Src/usart.c.obj
                                0x74b (size before relaxing)
 .debug_str     0x000013bf       0x77 CMakeFiles/STM32F103_StudyCode1.elf.dir/Core/Startup/startup_stm32f103c8tx.s.obj
                                 0xcd (size before relaxing)
 .debug_str     0x00001436      0x345 CMakeFiles/STM32F103_StudyCode1.elf.dir/Drivers/STM32F1xx_HAL_Driver/Src/stm32f1xx_hal.c.obj
                                0x8a4 (size before relaxing)
 .debug_str     0x0000177b      0x3e9 CMakeFiles/STM32F103_StudyCode1.elf.dir/Drivers/STM32F1xx_HAL_Driver/Src/stm32f1xx_hal_cortex.c.obj
                                0x953 (size before relaxing)
 .debug_str     0x00001b64      0x122 CMakeFiles/STM32F103_StudyCode1.elf.dir/Drivers/STM32F1xx_HAL_Driver/Src/stm32f1xx_hal_gpio.c.obj
                                0x480 (size before relaxing)
 .debug_str     0x00001c86      0x20c CMakeFiles/STM32F103_StudyCode1.elf.dir/Drivers/STM32F1xx_HAL_Driver/Src/stm32f1xx_hal_rcc.c.obj
                                0x6ab (size before relaxing)
 .debug_str     0x00001e92      0xe6a CMakeFiles/STM32F103_StudyCode1.elf.dir/Drivers/STM32F1xx_HAL_Driver/Src/stm32f1xx_hal_tim.c.obj
                               0x16bf (size before relaxing)
 .debug_str     0x00002cfc      0x565 CMakeFiles/STM32F103_StudyCode1.elf.dir/Drivers/STM32F1xx_HAL_Driver/Src/stm32f1xx_hal_tim_ex.c.obj
                                0xec0 (size before relaxing)
 .debug_str     0x00003261      0x66b CMakeFiles/STM32F103_StudyCode1.elf.dir/Drivers/STM32F1xx_HAL_Driver/Src/stm32f1xx_hal_uart.c.obj
                                0xd74 (size before relaxing)

.comment        0x00000000       0x49
 .comment       0x00000000       0x49 CMakeFiles/STM32F103_StudyCode1.elf.dir/Core/Src/gpio.c.obj
                                 0x4a (size before relaxing)
 .comment       0x00000049       0x4a CMakeFiles/STM32F103_StudyCode1.elf.dir/Core/Src/main.c.obj
 .comment       0x00000049       0x4a CMakeFiles/STM32F103_StudyCode1.elf.dir/Core/Src/stm32f1xx_hal_msp.c.obj
 .comment       0x00000049       0x4a CMakeFiles/STM32F103_StudyCode1.elf.dir/Core/Src/stm32f1xx_it.c.obj
 .comment       0x00000049       0x4a CMakeFiles/STM32F103_StudyCode1.elf.dir/Core/Src/system_stm32f1xx.c.obj
 .comment       0x00000049       0x4a CMakeFiles/STM32F103_StudyCode1.elf.dir/Core/Src/tim.c.obj
 .comment       0x00000049       0x4a CMakeFiles/STM32F103_StudyCode1.elf.dir/Core/Src/usart.c.obj
 .comment       0x00000049       0x4a CMakeFiles/STM32F103_StudyCode1.elf.dir/Drivers/STM32F1xx_HAL_Driver/Src/stm32f1xx_hal.c.obj
 .comment       0x00000049       0x4a CMakeFiles/STM32F103_StudyCode1.elf.dir/Drivers/STM32F1xx_HAL_Driver/Src/stm32f1xx_hal_cortex.c.obj
 .comment       0x00000049       0x4a CMakeFiles/STM32F103_StudyCode1.elf.dir/Drivers/STM32F1xx_HAL_Driver/Src/stm32f1xx_hal_gpio.c.obj
 .comment       0x00000049       0x4a CMakeFiles/STM32F103_StudyCode1.elf.dir/Drivers/STM32F1xx_HAL_Driver/Src/stm32f1xx_hal_rcc.c.obj
 .comment       0x00000049       0x4a CMakeFiles/STM32F103_StudyCode1.elf.dir/Drivers/STM32F1xx_HAL_Driver/Src/stm32f1xx_hal_tim.c.obj
 .comment       0x00000049       0x4a CMakeFiles/STM32F103_StudyCode1.elf.dir/Drivers/STM32F1xx_HAL_Driver/Src/stm32f1xx_hal_tim_ex.c.obj
 .comment       0x00000049       0x4a CMakeFiles/STM32F103_StudyCode1.elf.dir/Drivers/STM32F1xx_HAL_Driver/Src/stm32f1xx_hal_uart.c.obj

.debug_frame    0x00000000     0x1ef0
 .debug_frame   0x00000000       0x38 CMakeFiles/STM32F103_StudyCode1.elf.dir/Core/Src/gpio.c.obj
 .debug_frame   0x00000038       0x88 CMakeFiles/STM32F103_StudyCode1.elf.dir/Core/Src/main.c.obj
 .debug_frame   0x000000c0       0x28 CMakeFiles/STM32F103_StudyCode1.elf.dir/Core/Src/stm32f1xx_hal_msp.c.obj
 .debug_frame   0x000000e8       0xe0 CMakeFiles/STM32F103_StudyCode1.elf.dir/Core/Src/stm32f1xx_it.c.obj
 .debug_frame   0x000001c8       0x30 CMakeFiles/STM32F103_StudyCode1.elf.dir/Core/Src/system_stm32f1xx.c.obj
 .debug_frame   0x000001f8       0x64 CMakeFiles/STM32F103_StudyCode1.elf.dir/Core/Src/tim.c.obj
 .debug_frame   0x0000025c       0x60 CMakeFiles/STM32F103_StudyCode1.elf.dir/Core/Src/usart.c.obj
 .debug_frame   0x000002bc      0x1cc CMakeFiles/STM32F103_StudyCode1.elf.dir/Drivers/STM32F1xx_HAL_Driver/Src/stm32f1xx_hal.c.obj
 .debug_frame   0x00000488      0x118 CMakeFiles/STM32F103_StudyCode1.elf.dir/Drivers/STM32F1xx_HAL_Driver/Src/stm32f1xx_hal_cortex.c.obj
 .debug_frame   0x000005a0       0xe4 CMakeFiles/STM32F103_StudyCode1.elf.dir/Drivers/STM32F1xx_HAL_Driver/Src/stm32f1xx_hal_gpio.c.obj
 .debug_frame   0x00000684      0x184 CMakeFiles/STM32F103_StudyCode1.elf.dir/Drivers/STM32F1xx_HAL_Driver/Src/stm32f1xx_hal_rcc.c.obj
 .debug_frame   0x00000808      0xb18 CMakeFiles/STM32F103_StudyCode1.elf.dir/Drivers/STM32F1xx_HAL_Driver/Src/stm32f1xx_hal_tim.c.obj
 .debug_frame   0x00001320      0x40c CMakeFiles/STM32F103_StudyCode1.elf.dir/Drivers/STM32F1xx_HAL_Driver/Src/stm32f1xx_hal_tim_ex.c.obj
 .debug_frame   0x0000172c      0x5d8 CMakeFiles/STM32F103_StudyCode1.elf.dir/Drivers/STM32F1xx_HAL_Driver/Src/stm32f1xx_hal_uart.c.obj
 .debug_frame   0x00001d04       0x2c d:/software/jetbrains/gcc-arm-none-eabi/bin/../lib/gcc/arm-none-eabi/10.3.1/../../../../arm-none-eabi/lib/thumb/v7-m/nofp\libg.a(lib_a-init.o)
 .debug_frame   0x00001d30       0x2c d:/software/jetbrains/gcc-arm-none-eabi/bin/../lib/gcc/arm-none-eabi/10.3.1/../../../../arm-none-eabi/lib/thumb/v7-m/nofp\libg.a(lib_a-memset.o)
 .debug_frame   0x00001d5c       0x5c d:/software/jetbrains/gcc-arm-none-eabi/bin/../lib/gcc/arm-none-eabi/10.3.1/../../../../arm-none-eabi/lib/thumb/v7-m/nofp\libg.a(lib_a-__call_atexit.o)
 .debug_frame   0x00001db8       0x20 d:/software/jetbrains/gcc-arm-none-eabi/bin/../lib/gcc/arm-none-eabi/10.3.1/../../../../arm-none-eabi/lib/thumb/v7-m/nofp\libg.a(lib_a-atexit.o)
 .debug_frame   0x00001dd8       0x34 d:/software/jetbrains/gcc-arm-none-eabi/bin/../lib/gcc/arm-none-eabi/10.3.1/../../../../arm-none-eabi/lib/thumb/v7-m/nofp\libg.a(lib_a-fini.o)
 .debug_frame   0x00001e0c       0xb0 d:/software/jetbrains/gcc-arm-none-eabi/bin/../lib/gcc/arm-none-eabi/10.3.1/../../../../arm-none-eabi/lib/thumb/v7-m/nofp\libg.a(lib_a-lock.o)
 .debug_frame   0x00001ebc       0x34 d:/software/jetbrains/gcc-arm-none-eabi/bin/../lib/gcc/arm-none-eabi/10.3.1/../../../../arm-none-eabi/lib/thumb/v7-m/nofp\libg.a(lib_a-__atexit.o)

.debug_loc      0x00000000     0xcb6e
 .debug_loc     0x00000000       0x84 CMakeFiles/STM32F103_StudyCode1.elf.dir/Core/Src/main.c.obj
 .debug_loc     0x00000084       0xff CMakeFiles/STM32F103_StudyCode1.elf.dir/Core/Src/system_stm32f1xx.c.obj
 .debug_loc     0x00000183       0x67 CMakeFiles/STM32F103_StudyCode1.elf.dir/Core/Src/tim.c.obj
 .debug_loc     0x000001ea       0x84 CMakeFiles/STM32F103_StudyCode1.elf.dir/Core/Src/usart.c.obj
 .debug_loc     0x0000026e      0x141 CMakeFiles/STM32F103_StudyCode1.elf.dir/Drivers/STM32F1xx_HAL_Driver/Src/stm32f1xx_hal.c.obj
 .debug_loc     0x000003af      0x71f CMakeFiles/STM32F103_StudyCode1.elf.dir/Drivers/STM32F1xx_HAL_Driver/Src/stm32f1xx_hal_cortex.c.obj
 .debug_loc     0x00000ace      0x47d CMakeFiles/STM32F103_StudyCode1.elf.dir/Drivers/STM32F1xx_HAL_Driver/Src/stm32f1xx_hal_gpio.c.obj
 .debug_loc     0x00000f4b      0x61b CMakeFiles/STM32F103_StudyCode1.elf.dir/Drivers/STM32F1xx_HAL_Driver/Src/stm32f1xx_hal_rcc.c.obj
 .debug_loc     0x00001566     0x50fa CMakeFiles/STM32F103_StudyCode1.elf.dir/Drivers/STM32F1xx_HAL_Driver/Src/stm32f1xx_hal_tim.c.obj
 .debug_loc     0x00006660     0x1c93 CMakeFiles/STM32F103_StudyCode1.elf.dir/Drivers/STM32F1xx_HAL_Driver/Src/stm32f1xx_hal_tim_ex.c.obj
 .debug_loc     0x000082f3     0x487b CMakeFiles/STM32F103_StudyCode1.elf.dir/Drivers/STM32F1xx_HAL_Driver/Src/stm32f1xx_hal_uart.c.obj
